{"timestamp": "2025-11-02T12:00:00Z", "level": "INFO", "service": "api", "thread_id": "thr-2-0", "correlation_id": "req-02-0", "message": "log line 0 on day 2"}
{"timestamp": "2025-11-02T12:00:01Z", "level": "WARN", "service": "worker", "thread_id": "thr-2-1", "correlation_id": "req-02-1", "message": "log line 1 on day 2"}
{"timestamp": "2025-11-02T12:00:02Z", "level": "WARN", "service": "worker", "thread_id": "thr-2-2", "correlation_id": "req-02-2", "message": "log line 2 on day 2"}
{"timestamp": "2025-11-02T12:00:03Z", "level": "INFO", "service": "worker", "thread_id": "thr-2-3", "correlation_id": "req-02-3", "message": "log line 3 on day 2"}
{"timestamp": "2025-11-02T12:00:04Z", "level": "INFO", "service": "worker", "thread_id": "thr-2-4", "correlation_id": "req-02-4", "message": "log line 4 on day 2"}
{"timestamp": "2025-11-02T12:00:05Z", "level": "ERROR", "service": "worker", "thread_id": "thr-2-0", "correlation_id": "req-02-5", "message": "log line 5 on day 2"}
{"timestamp": "2025-11-02T12:00:06Z", "level": "WARN", "service": "worker", "thread_id": "thr-2-1", "correlation_id": "req-02-6", "message": "log line 6 on day 2"}
{"timestamp": "2025-11-02T12:00:07Z", "level": "INFO", "service": "worker", "thread_id": "thr-2-2", "correlation_id": "req-02-7", "message": "log line 7 on day 2"}
{"timestamp": "2025-11-02T12:00:08Z", "level": "INFO", "service": "worker", "thread_id": "thr-2-3", "correlation_id": "req-02-8", "message": "log line 8 on day 2"}
{"timestamp": "2025-11-02T12:00:09Z", "level": "ERROR", "service": "worker", "thread_id": "thr-2-4", "correlation_id": "req-02-9", "message": "log line 9 on day 2"}
{"timestamp": "2025-11-02T12:00:10Z", "level": "WARN", "service": "worker", "thread_id": "thr-2-0", "correlation_id": "req-02-10", "message": "log line 10 on day 2"}
{"timestamp": "2025-11-02T12:00:11Z", "level": "ERROR", "service": "worker", "thread_id": "thr-2-1", "correlation_id": "req-02-11", "message": "log line 11 on day 2"}
{"timestamp": "2025-11-02T12:00:12Z", "level": "WARN", "service": "api", "thread_id": "thr-2-2", "correlation_id": "req-02-12", "message": "log line 12 on day 2"}
{"timestamp": "2025-11-02T12:00:13Z", "level": "WARN", "service": "api", "thread_id": "thr-2-3", "correlation_id": "req-02-13", "message": "log line 13 on day 2"}
{"timestamp": "2025-11-02T12:00:14Z", "level": "WARN", "service": "api", "thread_id": "thr-2-4", "correlation_id": "req-02-14", "message": "log line 14 on day 2"}
{"timestamp": "2025-11-02T12:00:15Z", "level": "ERROR", "service": "api", "thread_id": "thr-2-0", "correlation_id": "req-02-15", "message": "log line 15 on day 2"}
{"timestamp": "2025-11-02T12:00:16Z", "level": "WARN", "service": "worker", "thread_id": "thr-2-1", "correlation_id": "req-02-16", "message": "log line 16 on day 2"}
{"timestamp": "2025-11-02T12:00:17Z", "level": "WARN", "service": "api", "thread_id": "thr-2-2", "correlation_id": "req-02-17", "message": "log line 17 on day 2"}
{"timestamp": "2025-11-02T12:00:18Z", "level": "WARN", "service": "worker", "thread_id": "thr-2-3", "correlation_id": "req-02-18", "message": "log line 18 on day 2"}
{"timestamp": "2025-11-02T12:00:19Z", "level": "ERROR", "service": "worker", "thread_id": "thr-2-4", "correlation_id": "req-02-19", "message": "log line 19 on day 2"}
{"timestamp": "2025-11-02T12:00:20Z", "level": "INFO", "service": "worker", "thread_id": "thr-2-0", "correlation_id": "req-02-0", "message": "log line 20 on day 2"}
{"timestamp": "2025-11-02T12:00:21Z", "level": "INFO", "service": "api", "thread_id": "thr-2-1", "correlation_id": "req-02-1", "message": "log line 21 on day 2"}
{"timestamp": "2025-11-02T12:00:22Z", "level": "WARN", "service": "api", "thread_id": "thr-2-2", "correlation_id": "req-02-2", "message": "log line 22 on day 2"}
{"timestamp": "2025-11-02T12:00:23Z", "level": "WARN", "service": "worker", "thread_id": "thr-2-3", "correlation_id": "req-02-3", "message": "log line 23 on day 2"}
{"timestamp": "2025-11-02T12:00:24Z", "level": "WARN", "service": "worker", "thread_id": "thr-2-4", "correlation_id": "req-02-4", "message": "log line 24 on day 2"}
{"timestamp": "2025-11-02T12:00:25Z", "level": "ERROR", "service": "worker", "thread_id": "thr-2-0", "correlation_id": "req-02-5", "message": "log line 25 on day 2"}
{"timestamp": "2025-11-02T12:00:26Z", "level": "WARN", "service": "worker", "thread_id": "thr-2-1", "correlation_id": "req-02-6", "message": "log line 26 on day 2"}
{"timestamp": "2025-11-02T12:00:27Z", "level": "WARN", "service": "worker", "thread_id": "thr-2-2", "correlation_id": "req-02-7", "message": "log line 27 on day 2"}
{"timestamp": "2025-11-02T12:00:28Z", "level": "ERROR", "service": "api", "thread_id": "thr-2-3", "correlation_id": "req-02-8", "message": "log line 28 on day 2"}
{"timestamp": "2025-11-02T12:00:29Z", "level": "INFO", "service": "worker", "thread_id": "thr-2-4", "correlation_id": "req-02-9", "message": "log line 29 on day 2"}
{"timestamp": "2025-11-02T12:00:30Z", "level": "WARN", "service": "worker", "thread_id": "thr-2-0", "correlation_id": "req-02-10", "message": "log line 30 on day 2"}
{"timestamp": "2025-11-02T12:00:31Z", "level": "INFO", "service": "api", "thread_id": "thr-2-1", "correlation_id": "req-02-11", "message": "log line 31 on day 2"}
{"timestamp": "2025-11-02T12:00:32Z", "level": "WARN", "service": "worker", "thread_id": "thr-2-2", "correlation_id": "req-02-12", "message": "log line 32 on day 2"}
{"timestamp": "2025-11-02T12:00:33Z", "level": "INFO", "service": "worker", "thread_id": "thr-2-3", "correlation_id": "req-02-13", "message": "log line 33 on day 2"}
{"timestamp": "2025-11-02T12:00:34Z", "level": "INFO", "service": "worker", "thread_id": "thr-2-4", "correlation_id": "req-02-14", "message": "log line 34 on day 2"}
{"timestamp": "2025-11-02T12:00:35Z", "level": "INFO", "service": "api", "thread_id": "thr-2-0", "correlation_id": "req-02-15", "message": "log line 35 on day 2"}
{"timestamp": "2025-11-02T12:00:36Z", "level": "INFO", "service": "api", "thread_id": "thr-2-1", "correlation_id": "req-02-16", "message": "log line 36 on day 2"}
{"timestamp": "2025-11-02T12:00:37Z", "level": "WARN", "service": "worker", "thread_id": "thr-2-2", "correlation_id": "req-02-17", "message": "log line 37 on day 2"}
{"timestamp": "2025-11-02T12:00:38Z", "level": "INFO", "service": "api", "thread_id": "thr-2-3", "correlation_id": "req-02-18", "message": "log line 38 on day 2"}
{"timestamp": "2025-11-02T12:00:39Z", "level": "INFO", "service": "worker", "thread_id": "thr-2-4", "correlation_id": "req-02-19", "message": "log line 39 on day 2"}
{"timestamp": "2025-11-02T12:00:40Z", "level": "WARN", "service": "worker", "thread_id": "thr-2-0", "correlation_id": "req-02-0", "message": "log line 40 on day 2"}
{"timestamp": "2025-11-02T12:00:41Z", "level": "ERROR", "service": "api", "thread_id": "thr-2-1", "correlation_id": "req-02-1", "message": "log line 41 on day 2"}
{"timestamp": "2025-11-02T12:00:42Z", "level": "ERROR", "service": "worker", "thread_id": "thr-2-2", "correlation_id": "req-02-2", "message": "log line 42 on day 2"}
{"timestamp": "2025-11-02T12:00:43Z", "level": "WARN", "service": "worker", "thread_id": "thr-2-3", "correlation_id": "req-02-3", "message": "log line 43 on day 2"}
{"timestamp": "2025-11-02T12:00:44Z", "level": "WARN", "service": "worker", "thread_id": "thr-2-4", "correlation_id": "req-02-4", "message": "log line 44 on day 2"}
{"timestamp": "2025-11-02T12:00:45Z", "level": "WARN", "service": "worker", "thread_id": "thr-2-0", "correlation_id": "req-02-5", "message": "log line 45 on day 2"}
{"timestamp": "2025-11-02T12:00:46Z", "level": "WARN", "service": "api", "thread_id": "thr-2-1", "correlation_id": "req-02-6", "message": "log line 46 on day 2"}
{"timestamp": "2025-11-02T12:00:47Z", "level": "WARN", "service": "worker", "thread_id": "thr-2-2", "correlation_id": "req-02-7", "message": "log line 47 on day 2"}
{"timestamp": "2025-11-02T12:00:48Z", "level": "WARN", "service": "worker", "thread_id": "thr-2-3", "correlation_id": "req-02-8", "message": "log line 48 on day 2"}
{"timestamp": "2025-11-02T12:00:49Z", "level": "ERROR", "service": "worker", "thread_id": "thr-2-4", "correlation_id": "req-02-9", "message": "log line 49 on day 2"}
{"timestamp": "2025-11-02T12:00:50Z", "level": "ERROR", "service": "api", "thread_id": "thr-2-0", "correlation_id": "req-02-10", "message": "log line 50 on day 2"}
{"timestamp": "2025-11-02T12:00:51Z", "level": "ERROR", "service": "worker", "thread_id": "thr-2-1", "correlation_id": "req-02-11", "message": "log line 51 on day 2"}
{"timestamp": "2025-11-02T12:00:52Z", "level": "ERROR", "service": "worker", "thread_id": "thr-2-2", "correlation_id": "req-02-12", "message": "log line 52 on day 2"}
{"timestamp": "2025-11-02T12:00:53Z", "level": "INFO", "service": "worker", "thread_id": "thr-2-3", "correlation_id": "req-02-13", "message": "log line 53 on day 2"}
{"timestamp": "2025-11-02T12:00:54Z", "level": "INFO", "service": "api", "thread_id": "thr-2-4", "correlation_id": "req-02-14", "message": "log line 54 on day 2"}
{"timestamp": "2025-11-02T12:00:55Z", "level": "ERROR", "service": "worker", "thread_id": "thr-2-0", "correlation_id": "req-02-15", "message": "log line 55 on day 2"}
{"timestamp": "2025-11-02T12:00:56Z", "level": "ERROR", "service": "worker", "thread_id": "thr-2-1", "correlation_id": "req-02-16", "message": "log line 56 on day 2"}
{"timestamp": "2025-11-02T12:00:57Z", "level": "ERROR", "service": "worker", "thread_id": "thr-2-2", "correlation_id": "req-02-17", "message": "log line 57 on day 2"}
{"timestamp": "2025-11-02T12:00:58Z", "level": "ERROR", "service": "worker", "thread_id": "thr-2-3", "correlation_id": "req-02-18", "message": "log line 58 on day 2"}
{"timestamp": "2025-11-02T12:00:59Z", "level": "ERROR", "service": "api", "thread_id": "thr-2-4", "correlation_id": "req-02-19", "message": "log line 59 on day 2"}
{"timestamp": "2025-11-02T12:01:00Z", "level": "WARN", "service": "worker", "thread_id": "thr-2-0", "correlation_id": "req-02-0", "message": "log line 60 on day 2"}
{"timestamp": "2025-11-02T12:01:01Z", "level": "INFO", "service": "api", "thread_id": "thr-2-1", "correlation_id": "req-02-1", "message": "log line 61 on day 2"}
{"timestamp": "2025-11-02T12:01:02Z", "level": "INFO", "service": "worker", "thread_id": "thr-2-2", "correlation_id": "req-02-2", "message": "log line 62 on day 2"}
{"timestamp": "2025-11-02T12:01:03Z", "level": "WARN", "service": "api", "thread_id": "thr-2-3", "correlation_id": "req-02-3", "message": "log line 63 on day 2"}
{"timestamp": "2025-11-02T12:01:04Z", "level": "WARN", "service": "worker", "thread_id": "thr-2-4", "correlation_id": "req-02-4", "message": "log line 64 on day 2"}
{"timestamp": "2025-11-02T12:01:05Z", "level": "INFO", "service": "api", "thread_id": "thr-2-0", "correlation_id": "req-02-5", "message": "log line 65 on day 2"}
{"timestamp": "2025-11-02T12:01:06Z", "level": "WARN", "service": "api", "thread_id": "thr-2-1", "correlation_id": "req-02-6", "message": "log line 66 on day 2"}
{"timestamp": "2025-11-02T12:01:07Z", "level": "INFO", "service": "worker", "thread_id": "thr-2-2", "correlation_id": "req-02-7", "message": "log line 67 on day 2"}
{"timestamp": "2025-11-02T12:01:08Z", "level": "WARN", "service": "api", "thread_id": "thr-2-3", "correlation_id": "req-02-8", "message": "log line 68 on day 2"}
{"timestamp": "2025-11-02T12:01:09Z", "level": "INFO", "service": "api", "thread_id": "thr-2-4", "correlation_id": "req-02-9", "message": "log line 69 on day 2"}
{"timestamp": "2025-11-02T12:01:10Z", "level": "ERROR", "service": "worker", "thread_id": "thr-2-0", "correlation_id": "req-02-10", "message": "log line 70 on day 2"}
{"timestamp": "2025-11-02T12:01:11Z", "level": "ERROR", "service": "worker", "thread_id": "thr-2-1", "correlation_id": "req-02-11", "message": "log line 71 on day 2"}
{"timestamp": "2025-11-02T12:01:12Z", "level": "WARN", "service": "worker", "thread_id": "thr-2-2", "correlation_id": "req-02-12", "message": "log line 72 on day 2"}
{"timestamp": "2025-11-02T12:01:13Z", "level": "ERROR", "service": "api", "thread_id": "thr-2-3", "correlation_id": "req-02-13", "message": "log line 73 on day 2"}
{"timestamp": "2025-11-02T12:01:14Z", "level": "ERROR", "service": "worker", "thread_id": "thr-2-4", "correlation_id": "req-02-14", "message": "log line 74 on day 2"}
{"timestamp": "2025-11-02T12:01:15Z", "level": "WARN", "service": "api", "thread_id": "thr-2-0", "correlation_id": "req-02-15", "message": "log line 75 on day 2"}
{"timestamp": "2025-11-02T12:01:16Z", "level": "INFO", "service": "api", "thread_id": "thr-2-1", "correlation_id": "req-02-16", "message": "log line 76 on day 2"}
{"timestamp": "2025-11-02T12:01:17Z", "level": "ERROR", "service": "api", "thread_id": "thr-2-2", "correlation_id": "req-02-17", "message": "log line 77 on day 2"}
{"timestamp": "2025-11-02T12:01:18Z", "level": "ERROR", "service": "api", "thread_id": "thr-2-3", "correlation_id": "req-02-18", "message": "log line 78 on day 2"}
{"timestamp": "2025-11-02T12:01:19Z", "level": "INFO", "service": "api", "thread_id": "thr-2-4", "correlation_id": "req-02-19", "message": "log line 79 on day 2"}
{"timestamp": "2025-11-02T12:01:20Z", "level": "WARN", "service": "worker", "thread_id": "thr-2-0", "correlation_id": "req-02-0", "message": "log line 80 on day 2"}
{"timestamp": "2025-11-02T12:01:21Z", "level": "WARN", "service": "api", "thread_id": "thr-2-1", "correlation_id": "req-02-1", "message": "log line 81 on day 2"}
{"timestamp": "2025-11-02T12:01:22Z", "level": "INFO", "service": "api", "thread_id": "thr-2-2", "correlation_id": "req-02-2", "message": "log line 82 on day 2"}
{"timestamp": "2025-11-02T12:01:23Z", "level": "WARN", "service": "api", "thread_id": "thr-2-3", "correlation_id": "req-02-3", "message": "log line 83 on day 2"}
{"timestamp": "2025-11-02T12:01:24Z", "level": "ERROR", "service": "worker", "thread_id": "thr-2-4", "correlation_id": "req-02-4", "message": "log line 84 on day 2"}
{"timestamp": "2025-11-02T12:01:25Z", "level": "WARN", "service": "worker", "thread_id": "thr-2-0", "correlation_id": "req-02-5", "message": "log line 85 on day 2"}
{"timestamp": "2025-11-02T12:01:26Z", "level": "ERROR", "service": "worker", "thread_id": "thr-2-1", "correlation_id": "req-02-6", "message": "log line 86 on day 2"}
{"timestamp": "2025-11-02T12:01:27Z", "level": "WARN", "service": "worker", "thread_id": "thr-2-2", "correlation_id": "req-02-7", "message": "log line 87 on day 2"}
{"timestamp": "2025-11-02T12:01:28Z", "level": "ERROR", "service": "api", "thread_id": "thr-2-3", "correlation_id": "req-02-8", "message": "log line 88 on day 2"}
{"timestamp": "2025-11-02T12:01:29Z", "level": "INFO", "service": "worker", "thread_id": "thr-2-4", "correlation_id": "req-02-9", "message": "log line 89 on day 2"}
{"timestamp": "2025-11-02T12:01:30Z", "level": "WARN", "service": "api", "thread_id": "thr-2-0", "correlation_id": "req-02-10", "message": "log line 90 on day 2"}
{"timestamp": "2025-11-02T12:01:31Z", "level": "INFO", "service": "worker", "thread_id": "thr-2-1", "correlation_id": "req-02-11", "message": "log line 91 on day 2"}
{"timestamp": "2025-11-02T12:01:32Z", "level": "INFO", "service": "api", "thread_id": "thr-2-2", "correlation_id": "req-02-12", "message": "log line 92 on day 2"}
{"timestamp": "2025-11-02T12:01:33Z", "level": "ERROR", "service": "api", "thread_id": "thr-2-3", "correlation_id": "req-02-13", "message": "log line 93 on day 2"}
{"timestamp": "2025-11-02T12:01:34Z", "level": "ERROR", "service": "api", "thread_id": "thr-2-4", "correlation_id": "req-02-14", "message": "log line 94 on day 2"}
{"timestamp": "2025-11-02T12:01:35Z", "level": "ERROR", "service": "api", "thread_id": "thr-2-0", "correlation_id": "req-02-15", "message": "log line 95 on day 2"}
{"timestamp": "2025-11-02T12:01:36Z", "level": "WARN", "service": "worker", "thread_id": "thr-2-1", "correlation_id": "req-02-16", "message": "log line 96 on day 2"}
{"timestamp": "2025-11-02T12:01:37Z", "level": "ERROR", "service": "worker", "thread_id": "thr-2-2", "correlation_id": "req-02-17", "message": "log line 97 on day 2"}
{"timestamp": "2025-11-02T12:01:38Z", "level": "WARN", "service": "worker", "thread_id": "thr-2-3", "correlation_id": "req-02-18", "message": "log line 98 on day 2"}
{"timestamp": "2025-11-02T12:01:39Z", "level": "INFO", "service": "api", "thread_id": "thr-2-4", "correlation_id": "req-02-19", "message": "log line 99 on day 2"}
{"timestamp": "2025-11-02T12:01:40Z", "level": "WARN", "service": "worker", "thread_id": "thr-2-0", "correlation_id": "req-02-0", "message": "log line 100 on day 2"}
{"timestamp": "2025-11-02T12:01:41Z", "level": "ERROR", "service": "api", "thread_id": "thr-2-1", "correlation_id": "req-02-1", "message": "log line 101 on day 2"}
{"timestamp": "2025-11-02T12:01:42Z", "level": "INFO", "service": "api", "thread_id": "thr-2-2", "correlation_id": "req-02-2", "message": "log line 102 on day 2"}
{"timestamp": "2025-11-02T12:01:43Z", "level": "ERROR", "service": "api", "thread_id": "thr-2-3", "correlation_id": "req-02-3", "message": "log line 103 on day 2"}
{"timestamp": "2025-11-02T12:01:44Z", "level": "ERROR", "service": "api", "thread_id": "thr-2-4", "correlation_id": "req-02-4", "message": "log line 104 on day 2"}
{"timestamp": "2025-11-02T12:01:45Z", "level": "INFO", "service": "api", "thread_id": "thr-2-0", "correlation_id": "req-02-5", "message": "log line 105 on day 2"}
{"timestamp": "2025-11-02T12:01:46Z", "level": "INFO", "service": "worker", "thread_id": "thr-2-1", "correlation_id": "req-02-6", "message": "log line 106 on day 2"}
{"timestamp": "2025-11-02T12:01:47Z", "level": "ERROR", "service": "api", "thread_id": "thr-2-2", "correlation_id": "req-02-7", "message": "log line 107 on day 2"}
{"timestamp": "2025-11-02T12:01:48Z", "level": "ERROR", "service": "api", "thread_id": "thr-2-3", "correlation_id": "req-02-8", "message": "log line 108 on day 2"}
{"timestamp": "2025-11-02T12:01:49Z", "level": "INFO", "service": "api", "thread_id": "thr-2-4", "correlation_id": "req-02-9", "message": "log line 109 on day 2"}
{"timestamp": "2025-11-02T12:01:50Z", "level": "INFO", "service": "worker", "thread_id": "thr-2-0", "correlation_id": "req-02-10", "message": "log line 110 on day 2"}
{"timestamp": "2025-11-02T12:01:51Z", "level": "INFO", "service": "api", "thread_id": "thr-2-1", "correlation_id": "req-02-11", "message": "log line 111 on day 2"}
{"timestamp": "2025-11-02T12:01:52Z", "level": "WARN", "service": "api", "thread_id": "thr-2-2", "correlation_id": "req-02-12", "message": "log line 112 on day 2"}
{"timestamp": "2025-11-02T12:01:53Z", "level": "INFO", "service": "api", "thread_id": "thr-2-3", "correlation_id": "req-02-13", "message": "log line 113 on day 2"}
{"timestamp": "2025-11-02T12:01:54Z", "level": "ERROR", "service": "worker", "thread_id": "thr-2-4", "correlation_id": "req-02-14", "message": "log line 114 on day 2"}
{"timestamp": "2025-11-02T12:01:55Z", "level": "INFO", "service": "worker", "thread_id": "thr-2-0", "correlation_id": "req-02-15", "message": "log line 115 on day 2"}
{"timestamp": "2025-11-02T12:01:56Z", "level": "WARN", "service": "api", "thread_id": "thr-2-1", "correlation_id": "req-02-16", "message": "log line 116 on day 2"}
{"timestamp": "2025-11-02T12:01:57Z", "level": "WARN", "service": "api", "thread_id": "thr-2-2", "correlation_id": "req-02-17", "message": "log line 117 on day 2"}
{"timestamp": "2025-11-02T12:01:58Z", "level": "ERROR", "service": "worker", "thread_id": "thr-2-3", "correlation_id": "req-02-18", "message": "log line 118 on day 2"}
{"timestamp": "2025-11-02T12:01:59Z", "level": "INFO", "service": "worker", "thread_id": "thr-2-4", "correlation_id": "req-02-19", "message": "log line 119 on day 2"}
{"timestamp": "2025-11-02T12:02:00Z", "level": "WARN", "service": "worker", "thread_id": "thr-2-0", "correlation_id": "req-02-0", "message": "log line 120 on day 2"}
{"timestamp": "2025-11-02T12:02:01Z", "level": "ERROR", "service": "worker", "thread_id": "thr-2-1", "correlation_id": "req-02-1", "message": "log line 121 on day 2"}
{"timestamp": "2025-11-02T12:02:02Z", "level": "ERROR", "service": "worker", "thread_id": "thr-2-2", "correlation_id": "req-02-2", "message": "log line 122 on day 2"}
{"timestamp": "2025-11-02T12:02:03Z", "level": "ERROR", "service": "api", "thread_id": "thr-2-3", "correlation_id": "req-02-3", "message": "log line 123 on day 2"}
{"timestamp": "2025-11-02T12:02:04Z", "level": "WARN", "service": "worker", "thread_id": "thr-2-4", "correlation_id": "req-02-4", "message": "log line 124 on day 2"}
{"timestamp": "2025-11-02T12:02:05Z", "level": "INFO", "service": "api", "thread_id": "thr-2-0", "correlation_id": "req-02-5", "message": "log line 125 on day 2"}
{"timestamp": "2025-11-02T12:02:06Z", "level": "WARN", "service": "api", "thread_id": "thr-2-1", "correlation_id": "req-02-6", "message": "log line 126 on day 2"}
{"timestamp": "2025-11-02T12:02:07Z", "level": "INFO", "service": "api", "thread_id": "thr-2-2", "correlation_id": "req-02-7", "message": "log line 127 on day 2"}
{"timestamp": "2025-11-02T12:02:08Z", "level": "ERROR", "service": "worker", "thread_id": "thr-2-3", "correlation_id": "req-02-8", "message": "log line 128 on day 2"}
{"timestamp": "2025-11-02T12:02:09Z", "level": "INFO", "service": "api", "thread_id": "thr-2-4", "correlation_id": "req-02-9", "message": "log line 129 on day 2"}
{"timestamp": "2025-11-02T12:02:10Z", "level": "INFO", "service": "worker", "thread_id": "thr-2-0", "correlation_id": "req-02-10", "message": "log line 130 on day 2"}
{"timestamp": "2025-11-02T12:02:11Z", "level": "ERROR", "service": "api", "thread_id": "thr-2-1", "correlation_id": "req-02-11", "message": "log line 131 on day 2"}
{"timestamp": "2025-11-02T12:02:12Z", "level": "ERROR", "service": "worker", "thread_id": "thr-2-2", "correlation_id": "req-02-12", "message": "log line 132 on day 2"}
{"timestamp": "2025-11-02T12:02:13Z", "level": "WARN", "service": "api", "thread_id": "thr-2-3", "correlation_id": "req-02-13", "message": "log line 133 on day 2"}
{"timestamp": "2025-11-02T12:02:14Z", "level": "INFO", "service": "api", "thread_id": "thr-2-4", "correlation_id": "req-02-14", "message": "log line 134 on day 2"}
{"timestamp": "2025-11-02T12:02:15Z", "level": "ERROR", "service": "worker", "thread_id": "thr-2-0", "correlation_id": "req-02-15", "message": "log line 135 on day 2"}
{"timestamp": "2025-11-02T12:02:16Z", "level": "WARN", "service": "api", "thread_id": "thr-2-1", "correlation_id": "req-02-16", "message": "log line 136 on day 2"}
{"timestamp": "2025-11-02T12:02:17Z", "level": "ERROR", "service": "worker", "thread_id": "thr-2-2", "correlation_id": "req-02-17", "message": "log line 137 on day 2"}
{"timestamp": "2025-11-02T12:02:18Z", "level": "WARN", "service": "api", "thread_id": "thr-2-3", "correlation_id": "req-02-18", "message": "log line 138 on day 2"}
{"timestamp": "2025-11-02T12:02:19Z", "level": "WARN", "service": "worker", "thread_id": "thr-2-4", "correlation_id": "req-02-19", "message": "log line 139 on day 2"}
{"timestamp": "2025-11-02T12:02:20Z", "level": "WARN", "service": "worker", "thread_id": "thr-2-0", "correlation_id": "req-02-0", "message": "log line 140 on day 2"}
{"timestamp": "2025-11-02T12:02:21Z", "level": "WARN", "service": "worker", "thread_id": "thr-2-1", "correlation_id": "req-02-1", "message": "log line 141 on day 2"}
{"timestamp": "2025-11-02T12:02:22Z", "level": "WARN", "service": "api", "thread_id": "thr-2-2", "correlation_id": "req-02-2", "message": "log line 142 on day 2"}
{"timestamp": "2025-11-02T12:02:23Z", "level": "WARN", "service": "worker", "thread_id": "thr-2-3", "correlation_id": "req-02-3", "message": "log line 143 on day 2"}
{"timestamp": "2025-11-02T12:02:24Z", "level": "WARN", "service": "api", "thread_id": "thr-2-4", "correlation_id": "req-02-4", "message": "log line 144 on day 2"}
{"timestamp": "2025-11-02T12:02:25Z", "level": "WARN", "service": "worker", "thread_id": "thr-2-0", "correlation_id": "req-02-5", "message": "log line 145 on day 2"}
{"timestamp": "2025-11-02T12:02:26Z", "level": "ERROR", "service": "api", "thread_id": "thr-2-1", "correlation_id": "req-02-6", "message": "log line 146 on day 2"}
{"timestamp": "2025-11-02T12:02:27Z", "level": "WARN", "service": "worker", "thread_id": "thr-2-2", "correlation_id": "req-02-7", "message": "log line 147 on day 2"}
{"timestamp": "2025-11-02T12:02:28Z", "level": "WARN", "service": "worker", "thread_id": "thr-2-3", "correlation_id": "req-02-8", "message": "log line 148 on day 2"}
{"timestamp": "2025-11-02T12:02:29Z", "level": "INFO", "service": "worker", "thread_id": "thr-2-4", "correlation_id": "req-02-9", "message": "log line 149 on day 2"}
{"timestamp": "2025-11-02T12:02:30Z", "level": "INFO", "service": "worker", "thread_id": "thr-2-0", "correlation_id": "req-02-10", "message": "log line 150 on day 2"}
{"timestamp": "2025-11-02T12:02:31Z", "level": "ERROR", "service": "worker", "thread_id": "thr-2-1", "correlation_id": "req-02-11", "message": "log line 151 on day 2"}
{"timestamp": "2025-11-02T12:02:32Z", "level": "ERROR", "service": "worker", "thread_id": "thr-2-2", "correlation_id": "req-02-12", "message": "log line 152 on day 2"}
{"timestamp": "2025-11-02T12:02:33Z", "level": "INFO", "service": "worker", "thread_id": "thr-2-3", "correlation_id": "req-02-13", "message": "log line 153 on day 2"}
{"timestamp": "2025-11-02T12:02:34Z", "level": "INFO", "service": "worker", "thread_id": "thr-2-4", "correlation_id": "req-02-14", "message": "log line 154 on day 2"}
{"timestamp": "2025-11-02T12:02:35Z", "level": "INFO", "service": "api", "thread_id": "thr-2-0", "correlation_id": "req-02-15", "message": "log line 155 on day 2"}
{"timestamp": "2025-11-02T12:02:36Z", "level": "ERROR", "service": "api", "thread_id": "thr-2-1", "correlation_id": "req-02-16", "message": "log line 156 on day 2"}
{"timestamp": "2025-11-02T12:02:37Z", "level": "ERROR", "service": "api", "thread_id": "thr-2-2", "correlation_id": "req-02-17", "message": "log line 157 on day 2"}
{"timestamp": "2025-11-02T12:02:38Z", "level": "WARN", "service": "worker", "thread_id": "thr-2-3", "correlation_id": "req-02-18", "message": "log line 158 on day 2"}
{"timestamp": "2025-11-02T12:02:39Z", "level": "WARN", "service": "api", "thread_id": "thr-2-4", "correlation_id": "req-02-19", "message": "log line 159 on day 2"}
{"timestamp": "2025-11-02T12:02:40Z", "level": "WARN", "service": "worker", "thread_id": "thr-2-0", "correlation_id": "req-02-0", "message": "log line 160 on day 2"}
{"timestamp": "2025-11-02T12:02:41Z", "level": "INFO", "service": "api", "thread_id": "thr-2-1", "correlation_id": "req-02-1", "message": "log line 161 on day 2"}
{"timestamp": "2025-11-02T12:02:42Z", "level": "WARN", "service": "api", "thread_id": "thr-2-2", "correlation_id": "req-02-2", "message": "log line 162 on day 2"}
{"timestamp": "2025-11-02T12:02:43Z", "level": "INFO", "service": "worker", "thread_id": "thr-2-3", "correlation_id": "req-02-3", "message": "log line 163 on day 2"}
{"timestamp": "2025-11-02T12:02:44Z", "level": "ERROR", "service": "api", "thread_id": "thr-2-4", "correlation_id": "req-02-4", "message": "log line 164 on day 2"}
{"timestamp": "2025-11-02T12:02:45Z", "level": "ERROR", "service": "api", "thread_id": "thr-2-0", "correlation_id": "req-02-5", "message": "log line 165 on day 2"}
{"timestamp": "2025-11-02T12:02:46Z", "level": "WARN", "service": "api", "thread_id": "thr-2-1", "correlation_id": "req-02-6", "message": "log line 166 on day 2"}
{"timestamp": "2025-11-02T12:02:47Z", "level": "INFO", "service": "api", "thread_id": "thr-2-2", "correlation_id": "req-02-7", "message": "log line 167 on day 2"}
{"timestamp": "2025-11-02T12:02:48Z", "level": "INFO", "service": "api", "thread_id": "thr-2-3", "correlation_id": "req-02-8", "message": "log line 168 on day 2"}
{"timestamp": "2025-11-02T12:02:49Z", "level": "INFO", "service": "api", "thread_id": "thr-2-4", "correlation_id": "req-02-9", "message": "log line 169 on day 2"}
{"timestamp": "2025-11-02T12:02:50Z", "level": "INFO", "service": "api", "thread_id": "thr-2-0", "correlation_id": "req-02-10", "message": "log line 170 on day 2"}
{"timestamp": "2025-11-02T12:02:51Z", "level": "WARN", "service": "api", "thread_id": "thr-2-1", "correlation_id": "req-02-11", "message": "log line 171 on day 2"}
{"timestamp": "2025-11-02T12:02:52Z", "level": "INFO", "service": "worker", "thread_id": "thr-2-2", "correlation_id": "req-02-12", "message": "log line 172 on day 2"}
{"timestamp": "2025-11-02T12:02:53Z", "level": "INFO", "service": "api", "thread_id": "thr-2-3", "correlation_id": "req-02-13", "message": "log line 173 on day 2"}
{"timestamp": "2025-11-02T12:02:54Z", "level": "WARN", "service": "worker", "thread_id": "thr-2-4", "correlation_id": "req-02-14", "message": "log line 174 on day 2"}
{"timestamp": "2025-11-02T12:02:55Z", "level": "ERROR", "service": "api", "thread_id": "thr-2-0", "correlation_id": "req-02-15", "message": "log line 175 on day 2"}
{"timestamp": "2025-11-02T12:02:56Z", "level": "INFO", "service": "api", "thread_id": "thr-2-1", "correlation_id": "req-02-16", "message": "log line 176 on day 2"}
{"timestamp": "2025-11-02T12:02:57Z", "level": "INFO", "service": "worker", "thread_id": "thr-2-2", "correlation_id": "req-02-17", "message": "log line 177 on day 2"}
{"timestamp": "2025-11-02T12:02:58Z", "level": "WARN", "service": "api", "thread_id": "thr-2-3", "correlation_id": "req-02-18", "message": "log line 178 on day 2"}
{"timestamp": "2025-11-02T12:02:59Z", "level": "ERROR", "service": "worker", "thread_id": "thr-2-4", "correlation_id": "req-02-19", "message": "log line 179 on day 2"}
{"timestamp": "2025-11-02T12:03:00Z", "level": "ERROR", "service": "worker", "thread_id": "thr-2-0", "correlation_id": "req-02-0", "message": "log line 180 on day 2"}
{"timestamp": "2025-11-02T12:03:01Z", "level": "ERROR", "service": "worker", "thread_id": "thr-2-1", "correlation_id": "req-02-1", "message": "log line 181 on day 2"}
{"timestamp": "2025-11-02T12:03:02Z", "level": "ERROR", "service": "worker", "thread_id": "thr-2-2", "correlation_id": "req-02-2", "message": "log line 182 on day 2"}
{"timestamp": "2025-11-02T12:03:03Z", "level": "ERROR", "service": "worker", "thread_id": "thr-2-3", "correlation_id": "req-02-3", "message": "log line 183 on day 2"}
{"timestamp": "2025-11-02T12:03:04Z", "level": "INFO", "service": "worker", "thread_id": "thr-2-4", "correlation_id": "req-02-4", "message": "log line 184 on day 2"}
{"timestamp": "2025-11-02T12:03:05Z", "level": "WARN", "service": "worker", "thread_id": "thr-2-0", "correlation_id": "req-02-5", "message": "log line 185 on day 2"}
{"timestamp": "2025-11-02T12:03:06Z", "level": "INFO", "service": "worker", "thread_id": "thr-2-1", "correlation_id": "req-02-6", "message": "log line 186 on day 2"}
{"timestamp": "2025-11-02T12:03:07Z", "level": "WARN", "service": "worker", "thread_id": "thr-2-2", "correlation_id": "req-02-7", "message": "log line 187 on day 2"}
{"timestamp": "2025-11-02T12:03:08Z", "level": "INFO", "service": "worker", "thread_id": "thr-2-3", "correlation_id": "req-02-8", "message": "log line 188 on day 2"}
{"timestamp": "2025-11-02T12:03:09Z", "level": "WARN", "service": "worker", "thread_id": "thr-2-4", "correlation_id": "req-02-9", "message": "log line 189 on day 2"}
{"timestamp": "2025-11-02T12:03:10Z", "level": "ERROR", "service": "worker", "thread_id": "thr-2-0", "correlation_id": "req-02-10", "message": "log line 190 on day 2"}
{"timestamp": "2025-11-02T12:03:11Z", "level": "WARN", "service": "worker", "thread_id": "thr-2-1", "correlation_id": "req-02-11", "message": "log line 191 on day 2"}
{"timestamp": "2025-11-02T12:03:12Z", "level": "INFO", "service": "api", "thread_id": "thr-2-2", "correlation_id": "req-02-12", "message": "log line 192 on day 2"}
{"timestamp": "2025-11-02T12:03:13Z", "level": "ERROR", "service": "api", "thread_id": "thr-2-3", "correlation_id": "req-02-13", "message": "log line 193 on day 2"}
{"timestamp": "2025-11-02T12:03:14Z", "level": "ERROR", "service": "api", "thread_id": "thr-2-4", "correlation_id": "req-02-14", "message": "log line 194 on day 2"}
{"timestamp": "2025-11-02T12:03:15Z", "level": "WARN", "service": "worker", "thread_id": "thr-2-0", "correlation_id": "req-02-15", "message": "log line 195 on day 2"}
{"timestamp": "2025-11-02T12:03:16Z", "level": "INFO", "service": "worker", "thread_id": "thr-2-1", "correlation_id": "req-02-16", "message": "log line 196 on day 2"}
{"timestamp": "2025-11-02T12:03:17Z", "level": "ERROR", "service": "api", "thread_id": "thr-2-2", "correlation_id": "req-02-17", "message": "log line 197 on day 2"}
{"timestamp": "2025-11-02T12:03:18Z", "level": "INFO", "service": "api", "thread_id": "thr-2-3", "correlation_id": "req-02-18", "message": "log line 198 on day 2"}
{"timestamp": "2025-11-02T12:03:19Z", "level": "WARN", "service": "worker", "thread_id": "thr-2-4", "correlation_id": "req-02-19", "message": "log line 199 on day 2"}
