{"timestamp":"2024-03-10T12:00:00.001Z","level":"INFO","service":"api-gateway","thread_id":"gw-1","correlation_id":"req-chaos-001","trace_id":"trace-chaos","span_id":"gw-1","message":"Inbound request /pay","user_id":"u-9","method":"POST"}
{"timestamp":"2024-03-10T12:00:00.015Z","level":"INFO","service":"auth-service","thread_id":"auth-2","correlation_id":"req-chaos-001","trace_id":"trace-chaos","span_id":"auth-1","parent_span_id":"gw-1","message":"Validating token","token_issuer":"okta"}
{"timestamp":"2024-03-10T12:00:00.031Z","level":"INFO","service":"auth-service","thread_id":"auth-2","correlation_id":"req-chaos-001","trace_id":"trace-chaos","span_id":"auth-1","parent_span_id":"gw-1","message":"Token valid","latency_ms":16}
{"timestamp":"2024-03-10T12:00:00.045Z","level":"INFO","service":"payment-service","thread_id":"pay-7","correlation_id":"req-chaos-001","trace_id":"trace-chaos","span_id":"pay-1","parent_span_id":"gw-1","message":"Authorize payment","amount_cents":1299}
{"timestamp":"2024-03-10T12:00:00.062Z","level":"WARN","service":"payment-service","thread_id":"pay-7","correlation_id":"req-chaos-001","trace_id":"trace-chaos","span_id":"pay-1","parent_span_id":"gw-1","message":"Primary gateway slow, failing over","latency_ms":120,"gateway":"stripe"}
{"timestamp":"2024-03-10T12:00:00.081Z","level":"ERROR","service":"payment-service","thread_id":"pay-7","correlation_id":"req-chaos-001","trace_id":"trace-chaos","span_id":"pay-2","parent_span_id":"pay-1","message":"Backup gateway timeout","error":"connection reset","gateway":"adyen"}
{"timestamp":"2024-03-10T12:00:00.095Z","level":"WARN","service":"payment-service","thread_id":"pay-7","correlation_id":"req-chaos-001","trace_id":"trace-chaos","span_id":"pay-2","parent_span_id":"pay-1","message":"Enabling circuit breaker for gateway","circuit_state":"open"}
{"timestamp":"2024-03-10T12:00:00.112Z","level":"ERROR","service":"risk-service","thread_id":"risk-3","correlation_id":"req-chaos-001","trace_id":"trace-chaos","span_id":"risk-1","parent_span_id":"pay-1","message":"Risk model failed to load","error":"model checksum mismatch"}
{"timestamp":"2024-03-10T12:00:00.126Z","level":"WARN","service":"risk-service","thread_id":"risk-3","correlation_id":"req-chaos-001","trace_id":"trace-chaos","span_id":"risk-1","parent_span_id":"pay-1","message":"Falling back to heuristics","fallback":"rule-set-v1"}
{"timestamp":"2024-03-10T12:00:00.140Z","level":"ERROR","service":"ledger-service","thread_id":"ledger-5","correlation_id":"req-chaos-001","trace_id":"trace-chaos","span_id":"ledger-1","parent_span_id":"pay-1","message":"Write quorum failed","error":"raft timeout","replicas_unavailable":2}
{"timestamp":"2024-03-10T12:00:00.155Z","level":"FATAL","service":"payment-service","thread_id":"pay-7","correlation_id":"req-chaos-001","trace_id":"trace-chaos","span_id":"pay-1","parent_span_id":"gw-1","message":"Payment failed after multi-gateway attempts","attempts":3,"duration_ms":154}
{"timestamp":"2024-03-10T12:00:00.170Z","level":"WARN","service":"api-gateway","thread_id":"gw-1","correlation_id":"req-chaos-001","trace_id":"trace-chaos","span_id":"gw-1","message":"Returning 503 with retry-after","status_code":503,"retry_after_s":30}
{"timestamp":"2024-03-10T12:00:01.001Z","level":"INFO","service":"api-gateway","thread_id":"gw-2","correlation_id":"req-happy-777","trace_id":"trace-happy","span_id":"gw-2","message":"Inbound request /pay","user_id":"u-42","method":"POST"}
{"timestamp":"2024-03-10T12:00:01.018Z","level":"INFO","service":"auth-service","thread_id":"auth-1","correlation_id":"req-happy-777","trace_id":"trace-happy","span_id":"auth-2","parent_span_id":"gw-2","message":"Token valid","latency_ms":12}
{"timestamp":"2024-03-10T12:00:01.036Z","level":"INFO","service":"payment-service","thread_id":"pay-1","correlation_id":"req-happy-777","trace_id":"trace-happy","span_id":"pay-3","parent_span_id":"gw-2","message":"Authorize payment","amount_cents":990}
{"timestamp":"2024-03-10T12:00:01.050Z","level":"INFO","service":"risk-service","thread_id":"risk-1","correlation_id":"req-happy-777","trace_id":"trace-happy","span_id":"risk-2","parent_span_id":"pay-3","message":"Risk score computed","score":0.03}
{"timestamp":"2024-03-10T12:00:01.070Z","level":"INFO","service":"ledger-service","thread_id":"ledger-1","correlation_id":"req-happy-777","trace_id":"trace-happy","span_id":"ledger-2","parent_span_id":"pay-3","message":"Ledger write committed","replication_factor":3}
{"timestamp":"2024-03-10T12:00:01.085Z","level":"INFO","service":"payment-service","thread_id":"pay-1","correlation_id":"req-happy-777","trace_id":"trace-happy","span_id":"pay-3","parent_span_id":"gw-2","message":"Payment captured","duration_ms":49}
{"timestamp":"2024-03-10T12:00:01.098Z","level":"INFO","service":"api-gateway","thread_id":"gw-2","correlation_id":"req-happy-777","trace_id":"trace-happy","span_id":"gw-2","message":"Returning 200 OK","status_code":200}
{"timestamp":"2024-03-10T12:00:02.000Z","level":"INFO","service":"api-gateway","thread_id":"gw-3","correlation_id":"req-flaky-009","trace_id":"trace-flaky","span_id":"gw-3","message":"Inbound request /pay","user_id":"u-77","method":"POST"}
{"timestamp":"2024-03-10T12:00:02.016Z","level":"INFO","service":"auth-service","thread_id":"auth-3","correlation_id":"req-flaky-009","trace_id":"trace-flaky","span_id":"auth-3","parent_span_id":"gw-3","message":"Token valid","latency_ms":15}
{"timestamp":"2024-03-10T12:00:02.034Z","level":"INFO","service":"payment-service","thread_id":"pay-4","correlation_id":"req-flaky-009","trace_id":"trace-flaky","span_id":"pay-4","parent_span_id":"gw-3","message":"Authorize payment","amount_cents":2500}
{"timestamp":"2024-03-10T12:00:02.058Z","level":"ERROR","service":"ledger-service","thread_id":"ledger-2","correlation_id":"req-flaky-009","trace_id":"trace-flaky","span_id":"ledger-3","parent_span_id":"pay-4","message":"Ledger write latency high","error":"raft election","latency_ms":900}
{"timestamp":"2024-03-10T12:00:02.074Z","level":"WARN","service":"payment-service","thread_id":"pay-4","correlation_id":"req-flaky-009","trace_id":"trace-flaky","span_id":"pay-4","parent_span_id":"gw-3","message":"Retrying ledger write","attempt":2}
{"timestamp":"2024-03-10T12:00:02.098Z","level":"INFO","service":"ledger-service","thread_id":"ledger-2","correlation_id":"req-flaky-009","trace_id":"trace-flaky","span_id":"ledger-3","parent_span_id":"pay-4","message":"Ledger write committed","latency_ms":55}
{"timestamp":"2024-03-10T12:00:02.120Z","level":"INFO","service":"payment-service","thread_id":"pay-4","correlation_id":"req-flaky-009","trace_id":"trace-flaky","span_id":"pay-4","parent_span_id":"gw-3","message":"Payment captured after retry","duration_ms":120}
{"timestamp":"2024-03-10T12:00:02.135Z","level":"INFO","service":"api-gateway","thread_id":"gw-3","correlation_id":"req-flaky-009","trace_id":"trace-flaky","span_id":"gw-3","message":"Returning 200 OK","status_code":200}
