{"timestamp":"2024-01-15T08:00:00.000Z","level":"INFO","thread_id":"worker-1","message":"Application started","memory_mb":150,"heap_used_mb":120}
{"timestamp":"2024-01-15T08:05:00.000Z","level":"INFO","thread_id":"monitor","message":"Memory usage report","memory_mb":155,"heap_used_mb":125,"heap_max_mb":2048}
{"timestamp":"2024-01-15T08:10:00.000Z","level":"INFO","thread_id":"monitor","message":"Memory usage report","memory_mb":162,"heap_used_mb":132,"heap_max_mb":2048}
{"timestamp":"2024-01-15T08:15:00.000Z","level":"INFO","thread_id":"monitor","message":"Memory usage report","memory_mb":171,"heap_used_mb":141,"heap_max_mb":2048}
{"timestamp":"2024-01-15T08:20:00.000Z","level":"INFO","thread_id":"monitor","message":"Memory usage report","memory_mb":182,"heap_used_mb":152,"heap_max_mb":2048}
{"timestamp":"2024-01-15T08:25:00.000Z","level":"INFO","thread_id":"monitor","message":"Memory usage report","memory_mb":195,"heap_used_mb":165,"heap_max_mb":2048}
{"timestamp":"2024-01-15T08:30:00.000Z","level":"WARN","thread_id":"monitor","message":"Memory usage above baseline","memory_mb":210,"heap_used_mb":180,"baseline_mb":150,"increase_percent":40}
{"timestamp":"2024-01-15T08:35:00.000Z","level":"INFO","thread_id":"monitor","message":"Memory usage report","memory_mb":227,"heap_used_mb":197,"heap_max_mb":2048}
{"timestamp":"2024-01-15T08:40:00.000Z","level":"INFO","thread_id":"monitor","message":"Memory usage report","memory_mb":246,"heap_used_mb":216,"heap_max_mb":2048}
{"timestamp":"2024-01-15T08:45:00.000Z","level":"WARN","thread_id":"monitor","message":"Memory growth rate concerning","memory_mb":267,"heap_used_mb":237,"growth_rate_mb_per_min":3.4}
{"timestamp":"2024-01-15T08:50:00.000Z","level":"INFO","thread_id":"monitor","message":"Memory usage report","memory_mb":290,"heap_used_mb":260,"heap_max_mb":2048}
{"timestamp":"2024-01-15T08:55:00.000Z","level":"INFO","thread_id":"monitor","message":"Memory usage report","memory_mb":315,"heap_used_mb":285,"heap_max_mb":2048}
{"timestamp":"2024-01-15T09:00:00.000Z","level":"WARN","thread_id":"monitor","message":"Memory usage high","memory_mb":342,"heap_used_mb":312,"utilization_percent":15.2}
{"timestamp":"2024-01-15T09:00:15.000Z","level":"INFO","thread_id":"gc","message":"Garbage collection triggered","reason":"automatic","memory_before_mb":342}
{"timestamp":"2024-01-15T09:00:18.000Z","level":"INFO","thread_id":"gc","message":"Garbage collection completed","memory_after_mb":320,"reclaimed_mb":22,"duration_ms":2834}
{"timestamp":"2024-01-15T09:05:00.000Z","level":"INFO","thread_id":"monitor","message":"Memory usage report","memory_mb":348,"heap_used_mb":318,"heap_max_mb":2048}
{"timestamp":"2024-01-15T09:10:00.000Z","level":"INFO","thread_id":"monitor","message":"Memory usage report","memory_mb":377,"heap_used_mb":347,"heap_max_mb":2048}
{"timestamp":"2024-01-15T09:15:00.000Z","level":"WARN","thread_id":"monitor","message":"Memory leak suspected","memory_mb":408,"heap_used_mb":378,"growth_since_gc_mb":88,"time_since_gc_min":15}
{"timestamp":"2024-01-15T09:20:00.000Z","level":"INFO","thread_id":"monitor","message":"Memory usage report","memory_mb":442,"heap_used_mb":412,"heap_max_mb":2048}
{"timestamp":"2024-01-15T09:25:00.000Z","level":"ERROR","thread_id":"monitor","message":"Memory usage critical","memory_mb":478,"heap_used_mb":448,"utilization_percent":21.9}
{"timestamp":"2024-01-15T09:25:10.000Z","level":"INFO","thread_id":"gc","message":"Garbage collection triggered","reason":"high_memory","memory_before_mb":478}
{"timestamp":"2024-01-15T09:25:15.000Z","level":"WARN","thread_id":"gc","message":"Garbage collection ineffective","memory_after_mb":467,"reclaimed_mb":11,"duration_ms":4532,"reclaim_ratio":0.023}
{"timestamp":"2024-01-15T09:30:00.000Z","level":"ERROR","thread_id":"monitor","message":"Memory leak confirmed","memory_mb":489,"heap_used_mb":459,"growth_rate_mb_per_min":5.1,"leak_suspected_objects":"EventListener, CacheEntry"}
{"timestamp":"2024-01-15T09:35:00.000Z","level":"ERROR","thread_id":"monitor","message":"Memory approaching limit","memory_mb":523,"heap_used_mb":493,"utilization_percent":24.1,"threshold_percent":25}
{"timestamp":"2024-01-15T09:40:00.000Z","level":"FATAL","thread_id":"monitor","message":"Memory usage exceeds safe threshold","memory_mb":559,"heap_used_mb":529,"utilization_percent":25.8}
{"timestamp":"2024-01-15T09:40:05.000Z","level":"INFO","thread_id":"gc","message":"Emergency garbage collection triggered","reason":"critical_memory","memory_before_mb":559}
{"timestamp":"2024-01-15T09:40:12.000Z","level":"ERROR","thread_id":"gc","message":"Garbage collection failed to free sufficient memory","memory_after_mb":547,"reclaimed_mb":12,"duration_ms":6891,"reclaim_ratio":0.021}
{"timestamp":"2024-01-15T09:45:00.000Z","level":"FATAL","thread_id":"monitor","message":"Out of memory imminent","memory_mb":580,"heap_used_mb":550,"time_until_oom_min":12}
{"timestamp":"2024-01-15T09:45:30.000Z","level":"FATAL","thread_id":"worker-5","message":"Request processing failed","error":"OutOfMemoryError","request_id":"req-99123"}
{"timestamp":"2024-01-15T09:46:00.000Z","level":"FATAL","thread_id":"worker-8","message":"Request processing failed","error":"OutOfMemoryError","request_id":"req-99145"}
{"timestamp":"2024-01-15T09:46:15.000Z","level":"CRITICAL","thread_id":"health-check","message":"Service unhealthy - OOM errors detected","consecutive_failures":3}
{"timestamp":"2024-01-15T09:46:30.000Z","level":"FATAL","thread_id":"main","message":"Application terminated due to OutOfMemoryError","uptime_hours":1.77,"final_memory_mb":598}
