{"timestamp":"2024-01-15T10:00:00.100Z","level":"INFO","service":"api-gateway","thread_id":"gw-thread-1","correlation_id":"req-abc123","trace_id":"trace-001","span_id":"span-gw-1","message":"Incoming request: GET /api/v1/user/12345/orders","http_method":"GET","path":"/api/v1/user/12345/orders","user_id":"12345"}
{"timestamp":"2024-01-15T10:00:00.105Z","level":"INFO","service":"api-gateway","thread_id":"gw-thread-1","correlation_id":"req-abc123","trace_id":"trace-001","span_id":"span-gw-1","message":"Routing to user-service","target_service":"user-service","target_host":"user-service:8080"}
{"timestamp":"2024-01-15T10:00:00.120Z","level":"INFO","service":"user-service","thread_id":"user-worker-3","correlation_id":"req-abc123","trace_id":"trace-001","span_id":"span-user-1","parent_span_id":"span-gw-1","message":"Received request for user 12345","user_id":"12345"}
{"timestamp":"2024-01-15T10:00:00.125Z","level":"INFO","service":"user-service","thread_id":"user-worker-3","correlation_id":"req-abc123","trace_id":"trace-001","span_id":"span-user-2","parent_span_id":"span-user-1","message":"Querying user database","query":"SELECT * FROM users WHERE id = 12345"}
{"timestamp":"2024-01-15T10:00:00.145Z","level":"INFO","service":"user-service","thread_id":"user-worker-3","correlation_id":"req-abc123","trace_id":"trace-001","span_id":"span-user-2","parent_span_id":"span-user-1","message":"User found in database","user_id":"12345","username":"john_doe","response_time_ms":20}
{"timestamp":"2024-01-15T10:00:00.150Z","level":"INFO","service":"user-service","thread_id":"user-worker-3","correlation_id":"req-abc123","trace_id":"trace-001","span_id":"span-user-1","message":"Calling order-service for user orders","target_service":"order-service","user_id":"12345"}
{"timestamp":"2024-01-15T10:00:00.165Z","level":"INFO","service":"order-service","thread_id":"order-worker-7","correlation_id":"req-abc123","trace_id":"trace-001","span_id":"span-order-1","parent_span_id":"span-user-1","message":"Fetching orders for user 12345","user_id":"12345"}
{"timestamp":"2024-01-15T10:00:00.170Z","level":"INFO","service":"order-service","thread_id":"order-worker-7","correlation_id":"req-abc123","trace_id":"trace-001","span_id":"span-order-2","parent_span_id":"span-order-1","message":"Querying orders database","query":"SELECT * FROM orders WHERE user_id = 12345 ORDER BY created_at DESC LIMIT 10"}
{"timestamp":"2024-01-15T10:00:00.185Z","level":"WARN","service":"order-service","thread_id":"order-worker-7","correlation_id":"req-abc123","trace_id":"trace-001","span_id":"span-order-2","parent_span_id":"span-order-1","message":"Query slower than expected","query_time_ms":15,"threshold_ms":10}
{"timestamp":"2024-01-15T10:00:00.190Z","level":"INFO","service":"order-service","thread_id":"order-worker-7","correlation_id":"req-abc123","trace_id":"trace-001","span_id":"span-order-1","message":"Found 3 orders for user","user_id":"12345","order_count":3}
{"timestamp":"2024-01-15T10:00:00.195Z","level":"INFO","service":"order-service","thread_id":"order-worker-7","correlation_id":"req-abc123","trace_id":"trace-001","span_id":"span-order-1","message":"Calling inventory-service to check stock","order_ids":["ORD-001","ORD-002","ORD-003"]}
{"timestamp":"2024-01-15T10:00:00.210Z","level":"INFO","service":"inventory-service","thread_id":"inv-worker-2","correlation_id":"req-abc123","trace_id":"trace-001","span_id":"span-inv-1","parent_span_id":"span-order-1","message":"Checking stock for 3 orders","order_ids":["ORD-001","ORD-002","ORD-003"]}
{"timestamp":"2024-01-15T10:00:00.215Z","level":"ERROR","service":"inventory-service","thread_id":"inv-worker-2","correlation_id":"req-abc123","trace_id":"trace-001","span_id":"span-inv-2","parent_span_id":"span-inv-1","message":"Database connection timeout","error":"connection pool exhausted","retry_attempt":1}
{"timestamp":"2024-01-15T10:00:00.220Z","level":"WARN","service":"inventory-service","thread_id":"inv-worker-2","correlation_id":"req-abc123","trace_id":"trace-001","span_id":"span-inv-2","parent_span_id":"span-inv-1","message":"Retrying database connection","attempt":1,"max_retries":3}
{"timestamp":"2024-01-15T10:00:00.235Z","level":"ERROR","service":"inventory-service","thread_id":"inv-worker-2","correlation_id":"req-abc123","trace_id":"trace-001","span_id":"span-inv-2","parent_span_id":"span-inv-1","message":"Database connection timeout on retry","error":"connection pool exhausted","retry_attempt":2}
{"timestamp":"2024-01-15T10:00:00.240Z","level":"WARN","service":"inventory-service","thread_id":"inv-worker-2","correlation_id":"req-abc123","trace_id":"trace-001","span_id":"span-inv-2","parent_span_id":"span-inv-1","message":"Retrying database connection","attempt":2,"max_retries":3}
{"timestamp":"2024-01-15T10:00:00.255Z","level":"ERROR","service":"inventory-service","thread_id":"inv-worker-2","correlation_id":"req-abc123","trace_id":"trace-001","span_id":"span-inv-2","parent_span_id":"span-inv-1","message":"Database connection timeout on retry","error":"connection pool exhausted","retry_attempt":3}
{"timestamp":"2024-01-15T10:00:00.260Z","level":"FATAL","service":"inventory-service","thread_id":"inv-worker-2","correlation_id":"req-abc123","trace_id":"trace-001","span_id":"span-inv-1","message":"All retry attempts exhausted","total_attempts":3,"total_time_ms":50}
{"timestamp":"2024-01-15T10:00:00.265Z","level":"ERROR","service":"order-service","thread_id":"order-worker-7","correlation_id":"req-abc123","trace_id":"trace-001","span_id":"span-order-1","message":"Inventory service call failed","error":"service unavailable","downstream_service":"inventory-service"}
{"timestamp":"2024-01-15T10:00:00.270Z","level":"WARN","service":"order-service","thread_id":"order-worker-7","correlation_id":"req-abc123","trace_id":"trace-001","span_id":"span-order-1","message":"Returning partial data without inventory status","degraded_mode":true}
{"timestamp":"2024-01-15T10:00:00.275Z","level":"INFO","service":"order-service","thread_id":"order-worker-7","correlation_id":"req-abc123","trace_id":"trace-001","span_id":"span-order-1","message":"Returning orders to user-service","order_count":3,"has_inventory_status":false}
{"timestamp":"2024-01-15T10:00:00.280Z","level":"WARN","service":"user-service","thread_id":"user-worker-3","correlation_id":"req-abc123","trace_id":"trace-001","span_id":"span-user-1","message":"Received degraded response from order-service","degraded_mode":true}
{"timestamp":"2024-01-15T10:00:00.285Z","level":"INFO","service":"user-service","thread_id":"user-worker-3","correlation_id":"req-abc123","trace_id":"trace-001","span_id":"span-user-1","message":"Returning response to api-gateway","status":"partial_success"}
{"timestamp":"2024-01-15T10:00:00.290Z","level":"WARN","service":"api-gateway","thread_id":"gw-thread-1","correlation_id":"req-abc123","trace_id":"trace-001","span_id":"span-gw-1","message":"Returning 206 Partial Content to client","status_code":206,"reason":"downstream_service_degraded"}
{"timestamp":"2024-01-15T10:00:00.295Z","level":"INFO","service":"api-gateway","thread_id":"gw-thread-1","correlation_id":"req-abc123","trace_id":"trace-001","span_id":"span-gw-1","message":"Request completed","status_code":206,"total_time_ms":195,"services_called":["user-service","order-service","inventory-service"]}
