{"timestamp":"2024-01-15T14:55:00.123Z","level":"INFO","thread_id":"worker-1","correlation_id":"req-001","trace_id":"a1b2c3d4","span_id":"span-001","message":"Incoming GET request to /api/users/12345","response_time_ms":null}
{"timestamp":"2024-01-15T14:55:00.145Z","level":"INFO","thread_id":"worker-1","correlation_id":"req-001","trace_id":"a1b2c3d4","span_id":"span-002","message":"Query database for user 12345","query":"SELECT * FROM users WHERE id = 12345"}
{"timestamp":"2024-01-15T14:55:00.167Z","level":"INFO","thread_id":"worker-1","correlation_id":"req-001","trace_id":"a1b2c3d4","span_id":"span-002","message":"Database query completed","response_time_ms":22}
{"timestamp":"2024-01-15T14:55:00.189Z","level":"INFO","thread_id":"worker-1","correlation_id":"req-001","trace_id":"a1b2c3d4","span_id":"span-001","message":"Request completed successfully","response_time_ms":66,"status_code":200}
{"timestamp":"2024-01-15T14:55:01.234Z","level":"INFO","thread_id":"worker-2","correlation_id":"req-002","trace_id":"b2c3d4e5","span_id":"span-003","message":"Incoming POST request to /api/orders","request_size":1024}
{"timestamp":"2024-01-15T14:55:01.256Z","level":"INFO","thread_id":"worker-2","correlation_id":"req-002","trace_id":"b2c3d4e5","span_id":"span-004","message":"Validate order payload"}
{"timestamp":"2024-01-15T14:55:01.278Z","level":"WARN","thread_id":"worker-2","correlation_id":"req-002","trace_id":"b2c3d4e5","span_id":"span-004","message":"Database connection pool usage high","active_connections":18,"max_connections":20}
{"timestamp":"2024-01-15T14:55:01.301Z","level":"INFO","thread_id":"worker-2","correlation_id":"req-002","trace_id":"b2c3d4e5","span_id":"span-005","message":"Begin database transaction"}
{"timestamp":"2024-01-15T14:55:01.323Z","level":"INFO","thread_id":"worker-2","correlation_id":"req-002","trace_id":"b2c3d4e5","span_id":"span-005","message":"Insert order into database","order_id":"ORD-98765"}
{"timestamp":"2024-01-15T14:55:01.892Z","level":"INFO","thread_id":"worker-3","correlation_id":"req-003","trace_id":"c3d4e5f6","span_id":"span-006","message":"Incoming GET request to /api/products","query_params":"category=electronics&limit=50"}
{"timestamp":"2024-01-15T14:55:02.134Z","level":"ERROR","thread_id":"worker-1","correlation_id":"req-004","trace_id":"d4e5f6g7","span_id":"span-007","message":"Database connection timeout after 5000ms","error":"connection pool exhausted"}
{"timestamp":"2024-01-15T14:55:02.156Z","level":"WARN","thread_id":"worker-1","correlation_id":"req-004","trace_id":"d4e5f6g7","span_id":"span-007","message":"Retrying database connection (attempt 1/3)"}
{"timestamp":"2024-01-15T14:55:02.234Z","level":"INFO","thread_id":"worker-3","correlation_id":"req-003","trace_id":"c3d4e5f6","span_id":"span-008","message":"Query database for products","query":"SELECT * FROM products WHERE category = 'electronics' LIMIT 50"}
{"timestamp":"2024-01-15T14:55:02.456Z","level":"ERROR","thread_id":"worker-4","correlation_id":"req-005","trace_id":"e5f6g7h8","span_id":"span-009","message":"Database connection timeout after 5000ms","error":"connection pool exhausted"}
{"timestamp":"2024-01-15T14:55:02.789Z","level":"ERROR","thread_id":"worker-5","correlation_id":"req-006","trace_id":"f6g7h8i9","span_id":"span-010","message":"Database connection timeout after 5000ms","error":"connection pool exhausted"}
{"timestamp":"2024-01-15T14:55:03.012Z","level":"ERROR","thread_id":"worker-6","correlation_id":"req-007","trace_id":"g7h8i9j0","span_id":"span-011","message":"Database connection timeout after 5000ms","error":"connection pool exhausted"}
{"timestamp":"2024-01-15T14:55:03.234Z","level":"FATAL","thread_id":"worker-1","correlation_id":"req-004","trace_id":"d4e5f6g7","span_id":"span-007","message":"All retry attempts exhausted","total_retries":3,"total_time_ms":1100}
{"timestamp":"2024-01-15T14:55:03.456Z","level":"ERROR","thread_id":"worker-7","correlation_id":"req-008","trace_id":"h8i9j0k1","span_id":"span-012","message":"Database connection timeout after 5000ms","error":"connection pool exhausted"}
{"timestamp":"2024-01-15T14:55:03.678Z","level":"ERROR","thread_id":"worker-8","correlation_id":"req-009","trace_id":"i9j0k1l2","span_id":"span-013","message":"Database connection timeout after 5000ms","error":"connection pool exhausted"}
{"timestamp":"2024-01-15T14:55:03.901Z","level":"ERROR","thread_id":"worker-2","correlation_id":"req-002","trace_id":"b2c3d4e5","span_id":"span-005","message":"Transaction rollback due to timeout","elapsed_ms":2600}
{"timestamp":"2024-01-15T14:55:04.123Z","level":"ERROR","thread_id":"worker-9","correlation_id":"req-010","trace_id":"j0k1l2m3","span_id":"span-014","message":"Database connection timeout after 5000ms","error":"connection pool exhausted"}
{"timestamp":"2024-01-15T14:55:04.345Z","level":"WARN","thread_id":"health-check","message":"Database health check failed","checks_failed":3,"threshold":5}
{"timestamp":"2024-01-15T14:55:04.567Z","level":"ERROR","thread_id":"worker-10","correlation_id":"req-011","trace_id":"k1l2m3n4","span_id":"span-015","message":"Database connection timeout after 5000ms","error":"connection pool exhausted"}
{"timestamp":"2024-01-15T14:55:04.789Z","level":"FATAL","thread_id":"worker-3","correlation_id":"req-003","trace_id":"c3d4e5f6","span_id":"span-008","message":"Query execution timeout","query_time_ms":2555,"max_allowed_ms":2000}
{"timestamp":"2024-01-15T14:55:05.012Z","level":"CRITICAL","thread_id":"health-check","message":"Service degraded - marking as unhealthy","error_rate":0.85,"latency_p99":5234}
{"timestamp":"2024-01-15T14:55:05.234Z","level":"ERROR","thread_id":"worker-11","correlation_id":"req-012","trace_id":"l2m3n4o5","span_id":"span-016","message":"Database connection timeout after 5000ms","error":"connection pool exhausted"}
{"timestamp":"2024-01-15T14:55:05.456Z","level":"ERROR","thread_id":"worker-12","correlation_id":"req-013","trace_id":"m3n4o5p6","span_id":"span-017","message":"Database connection timeout after 5000ms","error":"connection pool exhausted"}
{"timestamp":"2024-01-15T14:55:05.678Z","level":"INFO","thread_id":"ops-1","message":"Incident detected - initiating emergency response","incident_id":"INC-2024-001","severity":"critical"}
{"timestamp":"2024-01-15T14:55:05.901Z","level":"INFO","thread_id":"ops-1","message":"Scaling database connection pool","old_size":20,"new_size":50}
{"timestamp":"2024-01-15T14:55:06.123Z","level":"INFO","thread_id":"ops-1","message":"Restarting slow query killer"}
{"timestamp":"2024-01-15T14:55:06.345Z","level":"WARN","thread_id":"worker-2","correlation_id":"req-002","trace_id":"b2c3d4e5","span_id":"span-005","message":"Long-running transaction detected","duration_ms":5044,"query":"INSERT INTO orders..."}
{"timestamp":"2024-01-15T14:55:06.567Z","level":"INFO","thread_id":"ops-1","message":"Killing slow queries","queries_killed":3}
{"timestamp":"2024-01-15T14:55:06.789Z","level":"ERROR","thread_id":"worker-2","correlation_id":"req-002","trace_id":"b2c3d4e5","span_id":"span-005","message":"Query killed by slow query killer"}
{"timestamp":"2024-01-15T14:55:07.012Z","level":"INFO","thread_id":"worker-13","correlation_id":"req-014","trace_id":"n4o5p6q7","span_id":"span-018","message":"Database connection acquired","wait_time_ms":45,"pool_size":50}
{"timestamp":"2024-01-15T14:55:07.234Z","level":"INFO","thread_id":"worker-14","correlation_id":"req-015","trace_id":"o5p6q7r8","span_id":"span-019","message":"Database connection acquired","wait_time_ms":23,"pool_size":50}
{"timestamp":"2024-01-15T14:55:07.456Z","level":"INFO","thread_id":"health-check","message":"Database health check passed","response_time_ms":15}
{"timestamp":"2024-01-15T14:55:07.678Z","level":"INFO","thread_id":"worker-15","correlation_id":"req-016","trace_id":"p6q7r8s9","span_id":"span-020","message":"Request completed successfully","response_time_ms":89,"status_code":200}
{"timestamp":"2024-01-15T14:55:07.901Z","level":"INFO","thread_id":"ops-1","message":"Incident resolved","incident_id":"INC-2024-001","duration_seconds":2.223,"resolution":"Scaled connection pool and killed slow queries"}
{"timestamp":"2024-01-15T14:55:08.123Z","level":"INFO","thread_id":"worker-16","correlation_id":"req-017","trace_id":"q7r8s9t0","span_id":"span-021","message":"Request completed successfully","response_time_ms":67,"status_code":200}
{"timestamp":"2024-01-15T14:55:08.345Z","level":"WARN","thread_id":"health-check","message":"Service recovering","error_rate":0.12,"latency_p99":234}
{"timestamp":"2024-01-15T14:55:08.567Z","level":"INFO","thread_id":"worker-17","correlation_id":"req-018","trace_id":"r8s9t0u1","span_id":"span-022","message":"Request completed successfully","response_time_ms":45,"status_code":200}
