{"timestamp":"2024-01-15T16:00:00.000Z","level":"INFO","message":"Processing payment request","thread_id":"payment-processor","correlation_id":"payment-789","trace_id":"trace-xyz789","span_id":"span-payment-root"}
{"timestamp":"2024-01-15T16:00:00.100Z","level":"INFO","message":"Validating payment details","thread_id":"payment-processor:validation","correlation_id":"payment-789","trace_id":"trace-xyz789","span_id":"span-payment-validation","parent_span_id":"span-payment-root"}
{"timestamp":"2024-01-15T16:00:00.200Z","level":"INFO","message":"Payment details validated","thread_id":"payment-processor:validation","correlation_id":"payment-789","trace_id":"trace-xyz789","span_id":"span-payment-validation","parent_span_id":"span-payment-root"}
{"timestamp":"2024-01-15T16:00:00.300Z","level":"INFO","message":"Checking fraud detection","thread_id":"payment-processor:fraud-check","correlation_id":"payment-789","trace_id":"trace-xyz789","span_id":"span-fraud-check","parent_span_id":"span-payment-root"}
{"timestamp":"2024-01-15T16:00:00.400Z","level":"DEBUG","message":"Calling fraud detection API","thread_id":"payment-processor:fraud-check:api","correlation_id":"payment-789","trace_id":"trace-xyz789","span_id":"span-fraud-api","parent_span_id":"span-fraud-check"}
{"timestamp":"2024-01-15T16:00:05.400Z","level":"ERROR","message":"Fraud detection API timeout after 5000ms","thread_id":"payment-processor:fraud-check:api","correlation_id":"payment-789","trace_id":"trace-xyz789","span_id":"span-fraud-api","parent_span_id":"span-fraud-check"}
{"timestamp":"2024-01-15T16:00:05.450Z","level":"WARN","message":"Attempting fallback fraud check","thread_id":"payment-processor:fraud-check:fallback","correlation_id":"payment-789","trace_id":"trace-xyz789","span_id":"span-fraud-fallback","parent_span_id":"span-fraud-check"}
{"timestamp":"2024-01-15T16:00:05.500Z","level":"DEBUG","message":"Using rule-based fraud detection","thread_id":"payment-processor:fraud-check:fallback","correlation_id":"payment-789","trace_id":"trace-xyz789","span_id":"span-fraud-fallback","parent_span_id":"span-fraud-check"}
{"timestamp":"2024-01-15T16:00:05.600Z","level":"INFO","message":"Fallback fraud check passed","thread_id":"payment-processor:fraud-check:fallback","correlation_id":"payment-789","trace_id":"trace-xyz789","span_id":"span-fraud-fallback","parent_span_id":"span-fraud-check"}
{"timestamp":"2024-01-15T16:00:05.650Z","level":"INFO","message":"Fraud check completed (using fallback)","thread_id":"payment-processor:fraud-check","correlation_id":"payment-789","trace_id":"trace-xyz789","span_id":"span-fraud-check","parent_span_id":"span-payment-root"}
{"timestamp":"2024-01-15T16:00:05.700Z","level":"INFO","message":"Charging payment method","thread_id":"payment-processor:charge","correlation_id":"payment-789","trace_id":"trace-xyz789","span_id":"span-charge","parent_span_id":"span-payment-root"}
{"timestamp":"2024-01-15T16:00:05.800Z","level":"DEBUG","message":"Connecting to payment gateway","thread_id":"payment-processor:charge:gateway","correlation_id":"payment-789","trace_id":"trace-xyz789","span_id":"span-gateway","parent_span_id":"span-charge"}
{"timestamp":"2024-01-15T16:00:06.000Z","level":"ERROR","message":"Payment gateway connection failed: Network unreachable","thread_id":"payment-processor:charge:gateway","correlation_id":"payment-789","trace_id":"trace-xyz789","span_id":"span-gateway","parent_span_id":"span-charge"}
{"timestamp":"2024-01-15T16:00:06.050Z","level":"ERROR","message":"Failed to charge payment method","thread_id":"payment-processor:charge","correlation_id":"payment-789","trace_id":"trace-xyz789","span_id":"span-charge","parent_span_id":"span-payment-root"}
{"timestamp":"2024-01-15T16:00:06.100Z","level":"WARN","message":"Attempting retry (attempt 1 of 3)","thread_id":"payment-processor:retry","correlation_id":"payment-789","trace_id":"trace-xyz789","span_id":"span-retry-1","parent_span_id":"span-payment-root"}
{"timestamp":"2024-01-15T16:00:08.100Z","level":"ERROR","message":"Retry failed: Payment gateway still unreachable","thread_id":"payment-processor:retry","correlation_id":"payment-789","trace_id":"trace-xyz789","span_id":"span-retry-1","parent_span_id":"span-payment-root"}
{"timestamp":"2024-01-15T16:00:08.150Z","level":"WARN","message":"Attempting retry (attempt 2 of 3)","thread_id":"payment-processor:retry","correlation_id":"payment-789","trace_id":"trace-xyz789","span_id":"span-retry-2","parent_span_id":"span-payment-root"}
{"timestamp":"2024-01-15T16:00:10.150Z","level":"ERROR","message":"Retry failed: Payment gateway still unreachable","thread_id":"payment-processor:retry","correlation_id":"payment-789","trace_id":"trace-xyz789","span_id":"span-retry-2","parent_span_id":"span-payment-root"}
{"timestamp":"2024-01-15T16:00:10.200Z","level":"ERROR","message":"Payment processing failed after 3 attempts","thread_id":"payment-processor","correlation_id":"payment-789","trace_id":"trace-xyz789","span_id":"span-payment-root"}
{"timestamp":"2024-01-15T16:00:10.250Z","level":"INFO","message":"Rolling back transaction","thread_id":"payment-processor:rollback","correlation_id":"payment-789","trace_id":"trace-xyz789","span_id":"span-rollback","parent_span_id":"span-payment-root"}
{"timestamp":"2024-01-15T16:00:10.350Z","level":"INFO","message":"Transaction rolled back successfully","thread_id":"payment-processor:rollback","correlation_id":"payment-789","trace_id":"trace-xyz789","span_id":"span-rollback","parent_span_id":"span-payment-root"}
{"timestamp":"2024-01-15T16:00:10.400Z","level":"ERROR","message":"Payment request failed - gateway unavailable","thread_id":"payment-processor","correlation_id":"payment-789","trace_id":"trace-xyz789","span_id":"span-payment-root"}
